[2026-04-12 00:01:56] [INFO] 检查依赖...
[2026-04-12 00:01:56] [INFO] 检查Python依赖...
[2026-04-12 00:01:56] [INFO] 加载服务器配置...
[2026-04-12 00:01:56] [INFO] ========== ASV Benchmark对比工具 ==========
[2026-04-12 00:01:56] [INFO] Server1: local_test1 (luo@local:22)
[2026-04-12 00:01:56] [INFO] Server2: local_test2 (luo@local:22)
[2026-04-12 00:01:56] [INFO] 验证SSH连接...
[2026-04-12 00:01:56] [INFO] SSH连接验证成功
[2026-04-12 00:01:56] [INFO] 输出文件: ./output/20260412_000156_local_test1_vs_local_test2_local.xlsx
[2026-04-12 00:01:56] [INFO] 在 local_test1 上执行脚本...
[2026-04-12 00:01:56] [INFO] 使用自定义脚本: script.sh
[2026-04-12 00:02:06] [INFO] 在 local_test2 上执行脚本...
[2026-04-12 00:02:06] [INFO] 使用自定义脚本: script.sh
[2026-04-12 00:02:15] [INFO] 获取ASV结果...
[2026-04-12 00:02:15] [INFO] 从 local_test1 下载ASV结果...
[2026-04-12 00:02:15] [INFO] 从 local_test2 下载ASV结果...
[2026-04-12 00:02:15] [INFO] 验证下载的ASV结果...
[2026-04-12 00:02:15] [INFO] 执行ASV结果对比...
[2026-04-12 00:02:15] [INFO] 执行对比命令: python3 "/mnt/c/Users/Luo/Code/asv_tools/python/benchmark_comparator.py"     --results1 "./tmp/asv_compare_20260412_000156/local_test1_results"     --results2 "./tmp/asv_compare_20260412_000156/local_test2_results"     --server1 "local_test1"     --server2 "local_test2"     --strategy "latest"     --output "./output/compare_result_20260412_000156.json" --show-all
[2026-04-12 00:02:15] [INFO] 对比结果已保存到: ./output/compare_result_20260412_000156.json
[2026-04-12 00:02:15] [INFO] 生成Excel对比报告...
[2026-04-12 00:02:16] [INFO] 保留临时文件: ./tmp/asv_compare_20260412_000156
[2026-04-12 00:02:16] [INFO] 完成！报告已保存到: ./output/20260412_000156_local_test1_vs_local_test2_local.xlsx
[2026-04-12 00:02:29] [INFO] 检查依赖...
[2026-04-12 00:02:29] [INFO] 检查Python依赖...
[2026-04-12 00:02:29] [INFO] 加载服务器配置...
[2026-04-12 00:02:29] [INFO] ========== ASV Benchmark对比工具 ==========
[2026-04-12 00:02:29] [INFO] Server1: local_test1 (luo@local:22)
[2026-04-12 00:02:29] [INFO] Server2: local_test2 (luo@local:22)
[2026-04-12 00:02:29] [INFO] 验证SSH连接...
[2026-04-12 00:02:29] [INFO] SSH连接验证成功
[2026-04-12 00:02:30] [INFO] 输出文件: ./output/20260412_000230_local_test1_vs_local_test2_local.xlsx
[2026-04-12 00:02:30] [INFO] 在 local_test1 上执行脚本...
[2026-04-12 00:02:30] [INFO] 使用自定义脚本: script.sh
[2026-04-12 00:02:39] [INFO] 在 local_test2 上执行脚本...
[2026-04-12 00:02:39] [INFO] 使用自定义脚本: script.sh
[2026-04-12 00:02:50] [INFO] 获取ASV结果...
[2026-04-12 00:02:50] [INFO] 从 local_test1 下载ASV结果...
[2026-04-12 00:02:50] [INFO] 从 local_test2 下载ASV结果...
[2026-04-12 00:02:50] [INFO] 验证下载的ASV结果...
[2026-04-12 00:02:50] [INFO] 执行ASV结果对比...
[2026-04-12 00:02:50] [INFO] 执行对比命令: python3 "/mnt/c/Users/Luo/Code/asv_tools/python/benchmark_comparator.py"     --results1 "./tmp/asv_compare_20260412_000230/local_test1_results"     --results2 "./tmp/asv_compare_20260412_000230/local_test2_results"     --server1 "local_test1"     --server2 "local_test2"     --strategy "latest"     --output "./output/compare_result_20260412_000230.json" --show-all
[2026-04-12 00:02:50] [INFO] 对比结果已保存到: ./output/compare_result_20260412_000230.json
[2026-04-12 00:02:50] [INFO] 生成Excel对比报告...
[2026-04-12 00:02:51] [INFO] 保留临时文件: ./tmp/asv_compare_20260412_000230
[2026-04-12 00:02:51] [INFO] 完成！报告已保存到: ./output/20260412_000230_local_test1_vs_local_test2_local.xlsx
[2026-04-12 00:08:47] [INFO] 检查依赖...
[2026-04-12 00:08:47] [INFO] 检查Python依赖...
[2026-04-12 00:08:47] [INFO] 加载服务器配置...
[2026-04-12 00:08:47] [INFO] ========== ASV Benchmark对比工具 ==========
[2026-04-12 00:08:47] [INFO] Server1: local_test1 (luo@local:22)
[2026-04-12 00:08:47] [INFO] Server2: local_test2 (luo@local:22)
[2026-04-12 00:08:47] [INFO] 验证SSH连接...
[2026-04-12 00:08:47] [INFO] SSH连接验证成功
[2026-04-12 00:08:47] [INFO] 输出文件: ./output/20260412_000847_local_test1_vs_local_test2_local.xlsx
[2026-04-12 00:08:47] [INFO] 在 local_test1 上执行脚本...
[2026-04-12 00:08:47] [INFO] 使用自定义脚本: script.sh
[2026-04-12 00:09:03] [INFO] 在 local_test2 上执行脚本...
[2026-04-12 00:09:03] [INFO] 使用自定义脚本: script.sh
[2026-04-12 00:09:18] [INFO] 获取ASV结果...
[2026-04-12 00:09:18] [INFO] 从 local_test1 下载ASV结果...
[2026-04-12 00:09:18] [INFO] 从 local_test2 下载ASV结果...
[2026-04-12 00:09:18] [INFO] 验证下载的ASV结果...
[2026-04-12 00:09:18] [INFO] 执行ASV结果对比...
[2026-04-12 00:09:18] [INFO] 执行对比命令: python3 "/mnt/c/Users/Luo/Code/asv_tools/python/benchmark_comparator.py"     --results1 "./tmp/asv_compare_20260412_000847/local_test1_results"     --results2 "./tmp/asv_compare_20260412_000847/local_test2_results"     --server1 "local_test1"     --server2 "local_test2"     --strategy "latest"     --output "./output/compare_result_20260412_000847.json" --show-all
[2026-04-12 00:09:18] [INFO] 对比结果已保存到: ./output/compare_result_20260412_000847.json
[2026-04-12 00:09:19] [INFO] 生成Excel对比报告...
[2026-04-12 00:09:19] [INFO] 保留临时文件: ./tmp/asv_compare_20260412_000847
[2026-04-12 00:09:19] [INFO] 完成！报告已保存到: ./output/20260412_000847_local_test1_vs_local_test2_local.xlsx
[2026-04-12 00:13:46] [INFO] 检查依赖...
[2026-04-12 00:13:46] [INFO] 检查Python依赖...
[2026-04-12 00:13:46] [INFO] 加载服务器配置...
[2026-04-12 00:13:46] [INFO] ========== ASV Benchmark对比工具 ==========
[2026-04-12 00:13:46] [INFO] Server1: local_test1 (luo@local:22)
[2026-04-12 00:13:47] [INFO] Server2: local_test2 (luo@local:22)
[2026-04-12 00:13:47] [INFO] 验证SSH连接...
[2026-04-12 00:13:47] [INFO] SSH连接验证成功
[2026-04-12 00:13:47] [INFO] 输出文件: ./output/20260412_001347_local_test1_vs_local_test2_local.xlsx
[2026-04-12 00:13:47] [INFO] 在 local_test1 上执行脚本...
[2026-04-12 00:13:47] [INFO] 使用自定义脚本: script.sh
[2026-04-12 00:14:08] [INFO] 在 local_test2 上执行脚本...
[2026-04-12 00:14:08] [INFO] 使用自定义脚本: script.sh
[2026-04-12 00:14:36] [INFO] 获取ASV结果...
[2026-04-12 00:14:36] [INFO] 从 local_test1 下载ASV结果...
[2026-04-12 00:14:36] [INFO] 从 local_test2 下载ASV结果...
[2026-04-12 00:14:36] [INFO] 验证下载的ASV结果...
[2026-04-12 00:14:36] [INFO] 执行ASV结果对比...
[2026-04-12 00:14:37] [INFO] 执行对比命令: python3 "/mnt/c/Users/Luo/Code/asv_tools/python/benchmark_comparator.py"     --results1 "./tmp/asv_compare_20260412_001347/local_test1_results"     --results2 "./tmp/asv_compare_20260412_001347/local_test2_results"     --server1 "local_test1"     --server2 "local_test2"     --strategy "latest"     --output "./output/compare_result_20260412_001347.json" --show-all
[2026-04-12 00:14:37] [INFO] 对比结果已保存到: ./output/compare_result_20260412_001347.json
[2026-04-12 00:14:37] [INFO] 生成Excel对比报告...
[2026-04-12 00:14:38] [INFO] 保留临时文件: ./tmp/asv_compare_20260412_001347
[2026-04-12 00:14:38] [INFO] 完成！报告已保存到: ./output/20260412_001347_local_test1_vs_local_test2_local.xlsx
[2026-04-12 00:38:23] [INFO] 检查依赖...
[2026-04-12 00:38:23] [INFO] 检查Python依赖...
[2026-04-12 00:38:24] [INFO] 加载服务器配置...
[2026-04-12 00:38:24] [INFO] ========== ASV Benchmark对比工具 ==========
[2026-04-12 00:38:24] [INFO] Server1: local_test1 (luo@local:22)
[2026-04-12 00:38:24] [INFO] Server2: local_test2 (luo@local:22)
[2026-04-12 00:38:24] [INFO] 验证SSH连接...
[2026-04-12 00:38:24] [INFO] SSH连接验证成功
[2026-04-12 00:38:24] [INFO] 输出文件: ./output/20260412_003824_local_test1_vs_local_test2_local.xlsx
[2026-04-12 00:38:24] [INFO] 在 local_test1 上执行脚本...
[2026-04-12 00:38:24] [INFO] 使用自定义脚本: script.sh
[2026-04-12 00:38:39] [INFO] 在 local_test2 上执行脚本...
[2026-04-12 00:38:39] [INFO] 使用自定义脚本: script.sh
[2026-04-12 00:38:49] [INFO] 获取ASV结果...
[2026-04-12 00:38:49] [INFO] 从 local_test1 下载ASV结果...
[2026-04-12 00:42:51] [INFO] 检查依赖...
[2026-04-12 00:42:51] [INFO] 检查Python依赖...
[2026-04-12 00:42:52] [INFO] 加载服务器配置...
[2026-04-12 00:42:52] [INFO] ========== ASV Benchmark对比工具 ==========
[2026-04-12 00:42:52] [INFO] Server1: local_test1 (luo@local:22)
[2026-04-12 00:42:52] [INFO] Server2: local_test2 (luo@local:22)
[2026-04-12 00:42:52] [INFO] 验证SSH连接...
[2026-04-12 00:42:52] [INFO] SSH连接验证成功
[2026-04-12 00:42:52] [INFO] 输出文件: ./output/20260412_004252_local_test1_vs_local_test2_local.xlsx
[2026-04-12 00:42:52] [INFO] 在 local_test1 上执行脚本...
[2026-04-12 00:42:52] [INFO] 使用自定义脚本: script.sh
[2026-04-12 00:43:07] [INFO] 在 local_test2 上执行脚本...
[2026-04-12 00:43:07] [INFO] 使用自定义脚本: script.sh
[2026-04-12 00:43:21] [INFO] 获取ASV结果...
[2026-04-12 00:43:21] [INFO] 从 local_test1 下载ASV结果...
[2026-04-12 00:43:21] [INFO] 从 local_test2 下载ASV结果...
[2026-04-12 00:43:21] [INFO] 验证下载的ASV结果...
[2026-04-12 00:43:21] [INFO] 执行ASV结果对比...
[2026-04-12 00:43:22] [INFO] 执行对比命令: python3 "/mnt/c/Users/Luo/Code/asv_tools/python/asv_compare_wrapper.py"     --asv-dir1 "./tmp/asv_compare_20260412_004252/local_test1_results"     --asv-dir2 "./tmp/asv_compare_20260412_004252/local_test2_results"     --server1 "local_test1"     --server2 "local_test2"     --strategy "latest"     --output "./output/compare_result_20260412_004252.json" --show-all
[2026-04-12 00:43:23] [ERROR] 执行ASV结果对比失败
[2026-04-12 00:44:32] [INFO] 检查依赖...
[2026-04-12 00:44:32] [INFO] 检查Python依赖...
[2026-04-12 00:44:32] [INFO] 加载服务器配置...
[2026-04-12 00:44:33] [INFO] ========== ASV Benchmark对比工具 ==========
[2026-04-12 00:44:33] [INFO] Server1: local_test1 (luo@local:22)
[2026-04-12 00:44:33] [INFO] Server2: local_test2 (luo@local:22)
[2026-04-12 00:44:33] [INFO] 验证SSH连接...
[2026-04-12 00:44:33] [INFO] SSH连接验证成功
[2026-04-12 00:44:33] [INFO] 输出文件: ./output/20260412_004433_local_test1_vs_local_test2_local.xlsx
[2026-04-12 00:44:33] [INFO] 在 local_test1 上执行脚本...
[2026-04-12 00:44:33] [INFO] 使用自定义脚本: script.sh
[2026-04-12 00:44:43] [INFO] 在 local_test2 上执行脚本...
[2026-04-12 00:44:43] [INFO] 使用自定义脚本: script.sh
[2026-04-12 00:45:03] [INFO] 获取ASV结果...
[2026-04-12 00:45:03] [INFO] 从 local_test1 下载ASV结果...
[2026-04-12 00:45:03] [INFO] 从 local_test2 下载ASV结果...
[2026-04-12 00:45:03] [INFO] 验证下载的ASV结果...
[2026-04-12 00:45:03] [INFO] 执行ASV结果对比...
[2026-04-12 00:45:03] [INFO] 执行对比命令: python3 "/mnt/c/Users/Luo/Code/asv_tools/python/asv_compare_wrapper.py"     --asv-dir1 "./tmp/asv_compare_20260412_004433/local_test1_results"     --asv-dir2 "./tmp/asv_compare_20260412_004433/local_test2_results"     --server1 "local_test1"     --server2 "local_test2"     --strategy "latest"     --output "./output/compare_result_20260412_004433.json" --show-all
[2026-04-12 00:45:04] [INFO] 对比结果已保存到: ./output/compare_result_20260412_004433.json
[2026-04-12 00:45:04] [INFO] 生成Excel对比报告...
[2026-04-12 00:45:05] [INFO] 保留临时文件: ./tmp/asv_compare_20260412_004433
[2026-04-12 00:45:05] [INFO] 完成！报告已保存到: ./output/20260412_004433_local_test1_vs_local_test2_local.xlsx
[2026-04-12 00:46:20] [INFO] 检查依赖...
[2026-04-12 00:46:20] [INFO] 检查Python依赖...
[2026-04-12 00:46:20] [INFO] 加载服务器配置...
[2026-04-12 00:46:21] [INFO] ========== ASV Benchmark对比工具 ==========
[2026-04-12 00:46:21] [INFO] Server1: local_test1 (luo@local:22)
[2026-04-12 00:46:21] [INFO] Server2: local_test2 (luo@local:22)
[2026-04-12 00:46:21] [INFO] 验证SSH连接...
[2026-04-12 00:46:21] [INFO] SSH连接验证成功
[2026-04-12 00:46:21] [INFO] 输出文件: ./output/20260412_004621_local_test1_vs_local_test2_test2.xlsx
[2026-04-12 00:46:21] [INFO] 在 local_test1 上执行脚本...
[2026-04-12 00:46:21] [INFO] 使用自定义脚本: script.sh
[2026-04-12 00:46:35] [INFO] 在 local_test2 上执行脚本...
[2026-04-12 00:46:35] [INFO] 使用自定义脚本: script.sh
[2026-04-12 00:46:49] [INFO] 获取ASV结果...
[2026-04-12 00:46:49] [INFO] 从 local_test1 下载ASV结果...
[2026-04-12 00:46:49] [INFO] 从 local_test2 下载ASV结果...
[2026-04-12 00:46:49] [INFO] 验证下载的ASV结果...
[2026-04-12 00:46:49] [INFO] 执行ASV结果对比...
[2026-04-12 00:46:50] [INFO] 执行对比命令: python3 "/mnt/c/Users/Luo/Code/asv_tools/python/asv_compare_wrapper.py"     --asv-dir1 "./tmp/asv_compare_20260412_004621/local_test1_results"     --asv-dir2 "./tmp/asv_compare_20260412_004621/local_test2_results"     --server1 "local_test1"     --server2 "local_test2"     --strategy "latest"     --output "./output/compare_result_20260412_004621.json" --show-all
[2026-04-12 00:46:51] [INFO] 对比结果已保存到: ./output/compare_result_20260412_004621.json
[2026-04-12 00:46:51] [INFO] 生成Excel对比报告...
[2026-04-12 00:46:52] [INFO] 保留临时文件: ./tmp/asv_compare_20260412_004621
[2026-04-12 00:46:52] [INFO] 完成！报告已保存到: ./output/20260412_004621_local_test1_vs_local_test2_test2.xlsx
[2026-04-12 00:59:14] [INFO] 检查依赖...
[2026-04-12 00:59:14] [INFO] 检查Python依赖...
[2026-04-12 00:59:14] [INFO] 加载服务器配置...
[2026-04-12 00:59:15] [INFO] ========== ASV Benchmark对比工具 ==========
[2026-04-12 00:59:15] [INFO] Server1: local_test1 (luo@local:22)
[2026-04-12 00:59:15] [INFO] Server2: local_test2 (luo@local:22)
[2026-04-12 00:59:15] [INFO] 验证SSH连接...
[2026-04-12 00:59:15] [INFO] SSH连接验证成功
[2026-04-12 00:59:15] [INFO] 输出文件: ./output/20260412_005915_local_test1_vs_local_test2_local.xlsx
[2026-04-12 00:59:15] [INFO] 在 local_test1 上执行脚本...
[2026-04-12 00:59:15] [INFO] 使用自定义脚本: script.sh
[2026-04-12 00:59:25] [INFO] 在 local_test2 上执行脚本...
[2026-04-12 00:59:25] [INFO] 使用自定义脚本: script.sh
[2026-04-12 00:59:36] [INFO] 获取ASV结果...
[2026-04-12 00:59:36] [INFO] 从 local_test1 下载ASV结果...
[2026-04-12 00:59:36] [INFO] 从 local_test2 下载ASV结果...
[2026-04-12 00:59:36] [INFO] 验证下载的ASV结果...
[2026-04-12 00:59:36] [INFO] 执行ASV结果对比...
[2026-04-12 00:59:36] [INFO] 执行对比命令: python3 "/mnt/c/Users/Luo/Code/asv_tools/python/asv_compare_wrapper.py"     --asv-dir1 "./tmp/asv_compare_20260412_005915/local_test1_results"     --asv-dir2 "./tmp/asv_compare_20260412_005915/local_test2_results"     --server1 "local_test1"     --server2 "local_test2"     --strategy "latest"     --output "./output/compare_result_20260412_005915.json" --show-all
[2026-04-12 00:59:38] [INFO] 对比结果已保存到: ./output/compare_result_20260412_005915.json
[2026-04-12 00:59:38] [INFO] 生成Excel对比报告...
[2026-04-12 00:59:38] [INFO] 保留临时文件: ./tmp/asv_compare_20260412_005915
[2026-04-12 00:59:38] [INFO] 完成！报告已保存到: ./output/20260412_005915_local_test1_vs_local_test2_local.xlsx
[2026-04-12 01:16:47] [INFO] 检查依赖...
[2026-04-12 01:16:47] [INFO] 检查Python依赖...
[2026-04-12 01:16:49] [INFO] 加载服务器配置...
[2026-04-12 01:16:50] [INFO] ========== ASV Benchmark对比工具 ==========
[2026-04-12 01:16:50] [INFO] Server1: local_test1 (luo@local:22)
[2026-04-12 01:16:50] [INFO] Server2: local_test2 (luo@local:22)
[2026-04-12 01:16:51] [INFO] 验证SSH连接...
[2026-04-12 01:16:51] [INFO] SSH连接验证成功
[2026-04-12 01:16:51] [INFO] 输出目录: ./cmp_results/asv_compare_20260412_011651
[2026-04-12 01:16:51] [INFO] 跳过ASV运行步骤（--skip-run）
[2026-04-12 01:16:51] [INFO] 获取ASV结果...
[2026-04-12 01:16:51] [INFO] 从 local_test1 下载ASV结果...
[2026-04-12 01:16:51] [INFO] 从 local_test2 下载ASV结果...
[2026-04-12 01:16:52] [INFO] 验证下载的ASV结果...
[2026-04-12 01:16:52] [INFO] 执行ASV结果对比...
[2026-04-12 01:16:53] [INFO] 执行对比命令: python3 "/mnt/c/Users/Luo/Code/asv_tools/python/asv_compare_wrapper.py"     --asv-dir1 "./cmp_results/asv_compare_20260412_011651/local_test1_results"     --asv-dir2 "./cmp_results/asv_compare_20260412_011651/local_test2_results"     --server1 "local_test1"     --server2 "local_test2"     --strategy "latest"     --output "./cmp_results/asv_compare_20260412_011651/compare_result.json" --show-all
[2026-04-12 01:17:00] [INFO] 对比结果已保存到: ./cmp_results/asv_compare_20260412_011651/compare_result.json
[2026-04-12 01:17:00] [INFO] 生成Excel对比报告...
[2026-04-12 01:17:01] [INFO] 完成！报告已保存到: ./cmp_results/asv_compare_20260412_011651/local_test1_vs_local_test2.xlsx
[2026-04-12 01:46:47] [INFO] 检查依赖...
[2026-04-12 01:46:47] [INFO] 检查Python依赖...
[2026-04-12 01:46:47] [INFO] 加载服务器配置...
[2026-04-12 01:46:48] [INFO] ========== ASV Benchmark对比工具 ==========
[2026-04-12 01:46:48] [INFO] Server1: local_test1 (luo@local:22)
[2026-04-12 01:46:48] [INFO] Server2: local_test2 (luo@local:22)
[2026-04-12 01:46:48] [INFO] 验证SSH连接...
[2026-04-12 01:46:48] [INFO] SSH连接验证成功
[2026-04-12 01:46:48] [INFO] 输出目录: ./cmp_results/asv_compare_20260412_014648_local
[2026-04-12 01:46:48] [INFO] 在 local_test1 上执行脚本...
[2026-04-12 01:46:48] [INFO] 使用自定义脚本: script.sh
[2026-04-12 01:46:48] [ERROR] 在 local_test1 上执行自定义脚本失败
[2026-04-12 01:47:17] [INFO] 检查依赖...
[2026-04-12 01:47:17] [INFO] 检查Python依赖...
[2026-04-12 01:47:17] [INFO] 加载服务器配置...
[2026-04-12 01:47:18] [INFO] ========== ASV Benchmark对比工具 ==========
[2026-04-12 01:47:18] [INFO] Server1: local_test1 (luo@local:22)
[2026-04-12 01:47:18] [INFO] Server2: local_test2 (luo@local:22)
[2026-04-12 01:47:18] [INFO] 验证SSH连接...
[2026-04-12 01:47:18] [INFO] SSH连接验证成功
[2026-04-12 01:47:18] [INFO] 输出目录: ./cmp_results/asv_compare_20260412_014718_local
[2026-04-12 01:47:18] [INFO] 在 local_test1 上执行脚本...
[2026-04-12 01:47:18] [INFO] 使用自定义脚本: script.sh
[2026-04-12 01:55:38] [INFO] 在 local_test2 上执行脚本...
[2026-04-12 01:55:38] [INFO] 使用自定义脚本: script.sh
[2026-04-12 02:04:20] [INFO] 获取ASV结果...
[2026-04-12 02:04:20] [INFO] 从 local_test1 下载ASV结果...
[2026-04-12 02:04:20] [INFO] 从 local_test2 下载ASV结果...
[2026-04-12 02:04:20] [INFO] 验证下载的ASV结果...
[2026-04-12 02:04:20] [INFO] 执行ASV结果对比...
[2026-04-12 02:04:20] [INFO] 执行对比命令: python3 "/mnt/c/Users/Luo/Code/asv_tools/python/asv_compare_wrapper.py"     --asv-dir1 "./cmp_results/asv_compare_20260412_014718_local/local_test1_results"     --asv-dir2 "./cmp_results/asv_compare_20260412_014718_local/local_test2_results"     --server1 "local_test1"     --server2 "local_test2"     --strategy "latest"     --output "./cmp_results/asv_compare_20260412_014718_local/compare_result.json" --show-all
[2026-04-12 02:04:22] [INFO] 对比结果已保存到: ./cmp_results/asv_compare_20260412_014718_local/compare_result.json
[2026-04-12 02:04:22] [INFO] 生成Excel对比报告...
[2026-04-12 02:04:22] [INFO] 完成！报告已保存到: ./cmp_results/asv_compare_20260412_014718_local/local_test1_vs_local_test2.xlsx
