[2026-04-11 22:24:45] [INFO] 检查依赖...
[2026-04-11 22:24:46] [ERROR] 缺少必需的命令: jq
[2026-04-11 22:24:46] [ERROR] 请安装缺失的命令后重试
[2026-04-11 22:25:54] [INFO] 检查依赖...
[2026-04-11 22:25:54] [ERROR] 缺少必需的命令: jq
[2026-04-11 22:25:54] [ERROR] 请安装缺失的命令后重试 pip install -r python/requirements.txt 
[2026-04-11 22:28:27] [INFO] 检查依赖...
[2026-04-11 22:28:27] [INFO] 检查Python依赖...
[2026-04-11 22:28:28] [INFO] 加载服务器配置...
[2026-04-11 22:28:29] [INFO] ========== ASV Benchmark对比工具 ==========
[2026-04-11 22:28:29] [INFO] Server1: local_test (luo@local:22)
[2026-04-11 22:28:29] [INFO] Server2: local_test (luo@local:22)
[2026-04-11 22:28:29] [INFO] 验证SSH连接...
[2026-04-11 22:28:29] [INFO] SSH连接验证成功
[2026-04-11 22:28:29] [INFO] 输出文件: ./output/20260411_222829_local_test_vs_local_test_local.xlsx
[2026-04-11 22:28:29] [INFO] 在 local_test 上执行脚本...
[2026-04-11 22:28:29] [INFO] 使用自定义脚本: script.sh
[2026-04-11 22:43:51] [ERROR] 在 local_test 上执行脚本失败
[2026-04-11 22:59:49] [INFO] 检查依赖...
[2026-04-11 22:59:49] [INFO] 检查Python依赖...
[2026-04-11 22:59:49] [INFO] 加载服务器配置...
[2026-04-11 22:59:49] [INFO] ========== ASV Benchmark对比工具 ==========
[2026-04-11 22:59:49] [INFO] Server1: local_test (luo@local:22)
[2026-04-11 22:59:49] [INFO] Server2: local_test (luo@local:22)
[2026-04-11 22:59:49] [INFO] 验证SSH连接...
[2026-04-11 22:59:49] [INFO] SSH连接验证成功
[2026-04-11 22:59:49] [INFO] 输出文件: ./output/20260411_225949_local_test_vs_local_test_local.xlsx
[2026-04-11 22:59:49] [INFO] 在 local_test 上执行脚本...
[2026-04-11 22:59:49] [INFO] 使用自定义脚本: script.sh
[2026-04-11 23:00:31] [INFO] 在 local_test 上执行脚本...
[2026-04-11 23:00:31] [INFO] 使用自定义脚本: script.sh
[2026-04-11 23:01:15] [INFO] 获取ASV结果...
[2026-04-11 23:01:15] [INFO] 从 local_test 下载ASV结果...
[2026-04-11 23:01:15] [INFO] 从 local_test 下载ASV结果...
[2026-04-11 23:01:15] [INFO] 验证下载的ASV结果...
[2026-04-11 23:01:15] [INFO] 执行ASV结果对比...
[2026-04-11 23:01:15] [INFO] 执行对比命令: python3 "/mnt/c/Users/Luo/Code/asv_tools/python/benchmark_comparator.py"     --results1 "./tmp/asv_compare_20260411_225949/local_test_results"     --results2 "./tmp/asv_compare_20260411_225949/local_test_results"     --server1 "local_test"     --server2 "local_test"     --strategy "latest"     --output "./output/compare_result_20260411_225949.json" --show-all
[2026-04-11 23:01:15] [ERROR] 执行ASV结果对比失败
[2026-04-11 23:12:05] [INFO] 检查依赖...
[2026-04-11 23:12:05] [INFO] 检查Python依赖...
[2026-04-11 23:12:06] [INFO] 加载服务器配置...
[2026-04-11 23:12:06] [INFO] ========== ASV Benchmark对比工具 ==========
[2026-04-11 23:12:06] [INFO] Server1: local_test (luo@local:22)
[2026-04-11 23:12:06] [INFO] Server2: local_test (luo@local:22)
[2026-04-11 23:12:06] [INFO] 验证SSH连接...
[2026-04-11 23:12:06] [INFO] SSH连接验证成功
[2026-04-11 23:12:06] [INFO] 输出文件: ./output/20260411_231206_local_test_vs_local_test.xlsx
[2026-04-11 23:12:06] [INFO] 在 local_test 上执行脚本...
[2026-04-11 23:12:06] [INFO] 使用默认脚本
[2026-04-11 23:12:06] [INFO] [DRY-RUN] 将在 local_test 上执行默认脚本
[2026-04-11 23:12:06] [INFO] 在 local_test 上执行脚本...
[2026-04-11 23:12:06] [INFO] 使用默认脚本
[2026-04-11 23:12:06] [INFO] [DRY-RUN] 将在 local_test 上执行默认脚本
[2026-04-11 23:12:06] [INFO] [DRY-RUN] 跳过后续步骤（dry-run模式）
[2026-04-11 23:12:31] [INFO] 检查依赖...
[2026-04-11 23:12:31] [INFO] 检查Python依赖...
[2026-04-11 23:12:31] [INFO] 加载服务器配置...
[2026-04-11 23:12:31] [INFO] ========== ASV Benchmark对比工具 ==========
[2026-04-11 23:12:31] [INFO] Server1: local_test (luo@local:22)
[2026-04-11 23:12:31] [INFO] Server2: local_test (luo@local:22)
[2026-04-11 23:12:31] [INFO] 验证SSH连接...
[2026-04-11 23:12:31] [INFO] SSH连接验证成功
[2026-04-11 23:12:31] [INFO] 输出文件: ./output/20260411_231231_local_test_vs_local_test.xlsx
[2026-04-11 23:12:31] [INFO] 在 local_test 上执行脚本...
[2026-04-11 23:12:31] [INFO] 使用默认脚本
[2026-04-11 23:12:32] [ERROR] 在 local_test 上执行脚本失败
[2026-04-11 23:15:28] [INFO] 检查依赖...
[2026-04-11 23:15:28] [INFO] 检查Python依赖...
[2026-04-11 23:15:28] [INFO] 加载服务器配置...
[2026-04-11 23:15:29] [INFO] ========== ASV Benchmark对比工具 ==========
[2026-04-11 23:15:29] [INFO] Server1: local_test (luo@local:22)
[2026-04-11 23:15:29] [INFO] Server2: local_test (luo@local:22)
[2026-04-11 23:15:29] [INFO] 验证SSH连接...
[2026-04-11 23:15:29] [INFO] SSH连接验证成功
[2026-04-11 23:15:29] [INFO] 输出文件: ./output/20260411_231529_local_test_vs_local_test.xlsx
[2026-04-11 23:15:29] [INFO] 跳过ASV运行步骤（--skip-run）
[2026-04-11 23:15:29] [INFO] 使用自定义脚本: 
[2026-04-11 23:15:29] [ERROR] 在 local_test 上执行脚本失败
[2026-04-11 23:19:16] [INFO] 检查依赖...
[2026-04-11 23:19:16] [INFO] 检查Python依赖...
[2026-04-11 23:19:16] [INFO] 加载服务器配置...
[2026-04-11 23:19:16] [INFO] ========== ASV Benchmark对比工具 ==========
[2026-04-11 23:19:16] [INFO] Server1: local_test (luo@local:22)
[2026-04-11 23:19:16] [INFO] Server2: local_test (luo@local:22)
[2026-04-11 23:19:16] [INFO] 验证SSH连接...
[2026-04-11 23:19:16] [INFO] SSH连接验证成功
[2026-04-11 23:19:16] [INFO] 输出文件: ./output/20260411_231916_local_test_vs_local_test.xlsx
[2026-04-11 23:19:16] [INFO] 跳过ASV运行步骤（--skip-run）
[2026-04-11 23:19:16] [INFO] 使用自定义脚本: 
[2026-04-11 23:19:16] [ERROR] 在 local_test 上执行脚本失败
[2026-04-11 23:25:10] [INFO] 检查依赖...
[2026-04-11 23:25:10] [INFO] 检查Python依赖...
[2026-04-11 23:25:10] [INFO] 加载服务器配置...
[2026-04-11 23:25:10] [INFO] ========== ASV Benchmark对比工具 ==========
[2026-04-11 23:25:10] [INFO] Server1: local_test1 (luo@local:22)
[2026-04-11 23:25:10] [INFO] Server2: local_test2 (luo@local:22)
[2026-04-11 23:25:10] [INFO] 验证SSH连接...
[2026-04-11 23:25:10] [INFO] SSH连接验证成功
[2026-04-11 23:25:10] [INFO] 输出文件: ./output/20260411_232510_local_test1_vs_local_test2_local.xlsx
[2026-04-11 23:25:10] [INFO] 在 local_test1 上执行脚本...
[2026-04-11 23:25:10] [INFO] 使用自定义脚本: script.sh
[2026-04-11 23:25:55] [ERROR] 在 local_test1 上执行脚本失败
[2026-04-11 23:30:22] [INFO] 检查依赖...
[2026-04-11 23:30:22] [INFO] 检查Python依赖...
[2026-04-11 23:30:22] [INFO] 加载服务器配置...
[2026-04-11 23:30:22] [INFO] ========== ASV Benchmark对比工具 ==========
[2026-04-11 23:30:22] [INFO] Server1: local_test1 (luo@local:22)
[2026-04-11 23:30:22] [INFO] Server2: local_test2 (luo@local:22)
[2026-04-11 23:30:22] [INFO] 验证SSH连接...
[2026-04-11 23:30:22] [INFO] SSH连接验证成功
[2026-04-11 23:30:22] [INFO] 输出文件: ./output/20260411_233022_local_test1_vs_local_test2_local.xlsx
[2026-04-11 23:30:22] [INFO] 在 local_test1 上执行脚本...
[2026-04-11 23:30:22] [INFO] 使用自定义脚本: script.sh
[2026-04-11 23:30:34] [ERROR] 在 local_test1 上执行自定义脚本失败
[2026-04-11 23:34:06] [INFO] 检查依赖...
[2026-04-11 23:34:06] [INFO] 检查Python依赖...
[2026-04-11 23:34:07] [INFO] 加载服务器配置...
[2026-04-11 23:34:07] [INFO] ========== ASV Benchmark对比工具 ==========
[2026-04-11 23:34:07] [INFO] Server1: local_test1 (luo@local:22)
[2026-04-11 23:34:07] [INFO] Server2: local_test2 (luo@local:22)
[2026-04-11 23:34:07] [INFO] 验证SSH连接...
[2026-04-11 23:34:07] [INFO] SSH连接验证成功
[2026-04-11 23:34:07] [INFO] 输出文件: ./output/20260411_233407_local_test1_vs_local_test2_local.xlsx
[2026-04-11 23:34:07] [INFO] 在 local_test1 上执行脚本...
[2026-04-11 23:34:07] [INFO] 使用自定义脚本: script.sh
[2026-04-11 23:34:07] [ERROR] 在 local_test1 上执行自定义脚本失败
[2026-04-11 23:35:09] [INFO] 检查依赖...
[2026-04-11 23:35:09] [INFO] 检查Python依赖...
[2026-04-11 23:35:09] [INFO] 加载服务器配置...
[2026-04-11 23:35:09] [INFO] ========== ASV Benchmark对比工具 ==========
[2026-04-11 23:35:09] [INFO] Server1: local_test1 (luo@local:22)
[2026-04-11 23:35:09] [INFO] Server2: local_test2 (luo@local:22)
[2026-04-11 23:35:09] [INFO] 验证SSH连接...
[2026-04-11 23:35:09] [INFO] SSH连接验证成功
[2026-04-11 23:35:09] [INFO] 输出文件: ./output/20260411_233509_local_test1_vs_local_test2_local.xlsx
[2026-04-11 23:35:09] [INFO] 在 local_test1 上执行脚本...
[2026-04-11 23:35:09] [INFO] 使用自定义脚本: script.sh
[2026-04-11 23:35:09] [ERROR] 在 local_test1 上执行自定义脚本失败
[2026-04-11 23:36:01] [INFO] 检查依赖...
[2026-04-11 23:36:01] [INFO] 检查Python依赖...
[2026-04-11 23:36:01] [INFO] 加载服务器配置...
[2026-04-11 23:36:02] [INFO] ========== ASV Benchmark对比工具 ==========
[2026-04-11 23:36:02] [INFO] Server1: local_test1 (luo@local:22)
[2026-04-11 23:36:02] [INFO] Server2: local_test2 (luo@local:22)
[2026-04-11 23:36:02] [INFO] 验证SSH连接...
[2026-04-11 23:36:02] [INFO] SSH连接验证成功
[2026-04-11 23:36:02] [INFO] 输出文件: ./output/20260411_233602_local_test1_vs_local_test2_local.xlsx
[2026-04-11 23:36:02] [INFO] 在 local_test1 上执行脚本...
[2026-04-11 23:36:02] [INFO] 使用自定义脚本: script.sh
[2026-04-11 23:36:13] [INFO] 在 local_test2 上执行脚本...
[2026-04-11 23:36:13] [INFO] 使用自定义脚本: script.sh
[2026-04-11 23:36:23] [INFO] 获取ASV结果...
[2026-04-11 23:36:23] [INFO] 从 local_test1 下载ASV结果...
[2026-04-11 23:36:23] [INFO] 从 local_test2 下载ASV结果...
[2026-04-11 23:36:23] [INFO] 验证下载的ASV结果...
[2026-04-11 23:36:23] [INFO] 执行ASV结果对比...
[2026-04-11 23:36:23] [INFO] 执行对比命令: python3 "/mnt/c/Users/Luo/Code/asv_tools/python/benchmark_comparator.py"     --results1 "./tmp/asv_compare_20260411_233602/local_test1_results"     --results2 "./tmp/asv_compare_20260411_233602/local_test2_results"     --server1 "local_test1"     --server2 "local_test2"     --strategy "latest"     --output "./output/compare_result_20260411_233602.json" --show-all
[2026-04-11 23:36:23] [ERROR] 执行ASV结果对比失败
[2026-04-11 23:38:50] [INFO] 检查依赖...
[2026-04-11 23:38:50] [INFO] 检查Python依赖...
[2026-04-11 23:38:51] [INFO] 加载服务器配置...
[2026-04-11 23:38:51] [INFO] ========== ASV Benchmark对比工具 ==========
[2026-04-11 23:38:51] [INFO] Server1: local_test1 (luo@local:22)
[2026-04-11 23:38:51] [INFO] Server2: local_test2 (luo@local:22)
[2026-04-11 23:38:51] [INFO] 验证SSH连接...
[2026-04-11 23:38:51] [INFO] SSH连接验证成功
[2026-04-11 23:38:51] [INFO] 输出文件: ./output/20260411_233851_local_test1_vs_local_test2_local.xlsx
[2026-04-11 23:38:51] [INFO] 在 local_test1 上执行脚本...
[2026-04-11 23:38:51] [INFO] 使用自定义脚本: script.sh
[2026-04-11 23:39:04] [INFO] 在 local_test2 上执行脚本...
[2026-04-11 23:39:04] [INFO] 使用自定义脚本: script.sh
[2026-04-11 23:39:14] [INFO] 获取ASV结果...
[2026-04-11 23:39:14] [INFO] 从 local_test1 下载ASV结果...
[2026-04-11 23:39:14] [INFO] 从 local_test2 下载ASV结果...
[2026-04-11 23:39:14] [INFO] 验证下载的ASV结果...
[2026-04-11 23:39:14] [INFO] 执行ASV结果对比...
[2026-04-11 23:39:15] [INFO] 执行对比命令: python3 "/mnt/c/Users/Luo/Code/asv_tools/python/benchmark_comparator.py"     --results1 "./tmp/asv_compare_20260411_233851/local_test1_results"     --results2 "./tmp/asv_compare_20260411_233851/local_test2_results"     --server1 "local_test1"     --server2 "local_test2"     --strategy "latest"     --output "./output/compare_result_20260411_233851.json" --show-all
[2026-04-11 23:39:15] [ERROR] 执行ASV结果对比失败
[2026-04-11 23:46:29] [INFO] 检查依赖...
[2026-04-11 23:46:29] [INFO] 检查Python依赖...
[2026-04-11 23:46:30] [INFO] 加载服务器配置...
[2026-04-11 23:46:30] [INFO] ========== ASV Benchmark对比工具 ==========
[2026-04-11 23:46:30] [INFO] Server1: local_test1 (luo@local:22)
[2026-04-11 23:46:30] [INFO] Server2: local_test2 (luo@local:22)
[2026-04-11 23:46:30] [INFO] 验证SSH连接...
[2026-04-11 23:46:30] [INFO] SSH连接验证成功
[2026-04-11 23:46:30] [INFO] 输出文件: ./output/20260411_234630_local_test1_vs_local_test2_local.xlsx
[2026-04-11 23:46:30] [INFO] 在 local_test1 上执行脚本...
[2026-04-11 23:46:30] [INFO] 使用自定义脚本: script.sh
[2026-04-11 23:46:41] [INFO] 在 local_test2 上执行脚本...
[2026-04-11 23:46:41] [INFO] 使用自定义脚本: script.sh
[2026-04-11 23:46:53] [INFO] 获取ASV结果...
[2026-04-11 23:46:53] [INFO] 从 local_test1 下载ASV结果...
[2026-04-11 23:46:53] [INFO] 从 local_test2 下载ASV结果...
[2026-04-11 23:46:53] [INFO] 验证下载的ASV结果...
[2026-04-11 23:46:53] [INFO] 执行ASV结果对比...
[2026-04-11 23:46:53] [INFO] 执行对比命令: python3 "/mnt/c/Users/Luo/Code/asv_tools/python/benchmark_comparator.py"     --results1 "./tmp/asv_compare_20260411_234630/local_test1_results"     --results2 "./tmp/asv_compare_20260411_234630/local_test2_results"     --server1 "local_test1"     --server2 "local_test2"     --strategy "latest"     --output "./output/compare_result_20260411_234630.json" --show-all
[2026-04-11 23:46:54] [INFO] 对比结果已保存到: ./output/compare_result_20260411_234630.json
[2026-04-11 23:46:54] [INFO] 生成Excel对比报告...
[2026-04-11 23:46:54] [INFO] 清理临时文件...
[2026-04-11 23:46:54] [INFO] 完成！报告已保存到: ./output/20260411_234630_local_test1_vs_local_test2_local.xlsx
[2026-04-11 23:50:18] [INFO] 检查依赖...
[2026-04-11 23:50:18] [INFO] 检查Python依赖...
[2026-04-11 23:50:18] [INFO] 加载服务器配置...
[2026-04-11 23:50:18] [INFO] ========== ASV Benchmark对比工具 ==========
[2026-04-11 23:50:18] [INFO] Server1: local_test1 (luo@local:22)
[2026-04-11 23:50:18] [INFO] Server2: local_test2 (luo@local:22)
[2026-04-11 23:50:18] [INFO] 验证SSH连接...
[2026-04-11 23:50:18] [INFO] SSH连接验证成功
[2026-04-11 23:50:18] [INFO] 输出文件: ./output/20260411_235018_local_test1_vs_local_test2_local.xlsx
[2026-04-11 23:50:18] [INFO] 在 local_test1 上执行脚本...
[2026-04-11 23:50:18] [INFO] 使用自定义脚本: script.sh
[2026-04-11 23:50:29] [INFO] 在 local_test2 上执行脚本...
[2026-04-11 23:50:29] [INFO] 使用自定义脚本: script.sh
[2026-04-11 23:50:41] [INFO] 获取ASV结果...
[2026-04-11 23:50:41] [INFO] 从 local_test1 下载ASV结果...
[2026-04-11 23:50:42] [INFO] 从 local_test2 下载ASV结果...
[2026-04-11 23:50:42] [INFO] 验证下载的ASV结果...
[2026-04-11 23:50:42] [INFO] 执行ASV结果对比...
[2026-04-11 23:50:42] [INFO] 执行对比命令: python3 "/mnt/c/Users/Luo/Code/asv_tools/python/benchmark_comparator.py"     --results1 "./tmp/asv_compare_20260411_235018/local_test1_results"     --results2 "./tmp/asv_compare_20260411_235018/local_test2_results"     --server1 "local_test1"     --server2 "local_test2"     --strategy "latest"     --output "./output/compare_result_20260411_235018.json" --show-all
[2026-04-11 23:50:42] [INFO] 对比结果已保存到: ./output/compare_result_20260411_235018.json
[2026-04-11 23:50:42] [INFO] 生成Excel对比报告...
[2026-04-11 23:50:43] [INFO] 清理临时文件...
[2026-04-11 23:50:43] [INFO] 完成！报告已保存到: ./output/20260411_235018_local_test1_vs_local_test2_local.xlsx
[2026-04-11 23:51:37] [INFO] 检查依赖...
[2026-04-11 23:51:37] [INFO] 检查Python依赖...
[2026-04-11 23:51:38] [INFO] 加载服务器配置...
[2026-04-11 23:51:38] [INFO] ========== ASV Benchmark对比工具 ==========
[2026-04-11 23:51:38] [INFO] Server1: local_test1 (luo@local:22)
[2026-04-11 23:51:38] [INFO] Server2: local_test2 (luo@local:22)
[2026-04-11 23:51:38] [INFO] 验证SSH连接...
[2026-04-11 23:51:38] [INFO] SSH连接验证成功
[2026-04-11 23:51:38] [INFO] 输出文件: ./output/20260411_235138_local_test1_vs_local_test2_local.xlsx
[2026-04-11 23:51:38] [INFO] 在 local_test1 上执行脚本...
[2026-04-11 23:51:38] [INFO] 使用自定义脚本: script.sh
[2026-04-11 23:51:50] [INFO] 在 local_test2 上执行脚本...
[2026-04-11 23:51:50] [INFO] 使用自定义脚本: script.sh
[2026-04-11 23:52:01] [INFO] 获取ASV结果...
[2026-04-11 23:52:01] [INFO] 从 local_test1 下载ASV结果...
[2026-04-11 23:52:01] [INFO] 从 local_test2 下载ASV结果...
[2026-04-11 23:52:01] [INFO] 验证下载的ASV结果...
[2026-04-11 23:52:01] [INFO] 执行ASV结果对比...
[2026-04-11 23:52:01] [INFO] 执行对比命令: python3 "/mnt/c/Users/Luo/Code/asv_tools/python/benchmark_comparator.py"     --results1 "./tmp/asv_compare_20260411_235138/local_test1_results"     --results2 "./tmp/asv_compare_20260411_235138/local_test2_results"     --server1 "local_test1"     --server2 "local_test2"     --strategy "latest"     --output "./output/compare_result_20260411_235138.json" --show-all
[2026-04-11 23:52:01] [INFO] 对比结果已保存到: ./output/compare_result_20260411_235138.json
[2026-04-11 23:52:01] [INFO] 生成Excel对比报告...
[2026-04-11 23:52:02] [INFO] 清理临时文件...
[2026-04-11 23:52:02] [INFO] 完成！报告已保存到: ./output/20260411_235138_local_test1_vs_local_test2_local.xlsx
[2026-04-11 23:55:12] [INFO] 检查依赖...
[2026-04-11 23:55:12] [INFO] 检查Python依赖...
[2026-04-11 23:55:13] [INFO] 加载服务器配置...
[2026-04-11 23:55:13] [INFO] ========== ASV Benchmark对比工具 ==========
[2026-04-11 23:55:13] [INFO] Server1: local_test1 (luo@local:22)
[2026-04-11 23:55:13] [INFO] Server2: local_test2 (luo@local:22)
[2026-04-11 23:55:13] [INFO] 验证SSH连接...
[2026-04-11 23:55:13] [INFO] SSH连接验证成功
[2026-04-11 23:55:13] [INFO] 输出文件: ./output/20260411_235513_local_test1_vs_local_test2_local.xlsx
[2026-04-11 23:55:13] [INFO] 在 local_test1 上执行脚本...
[2026-04-11 23:55:13] [INFO] 使用自定义脚本: script.sh
[2026-04-11 23:55:23] [INFO] 在 local_test2 上执行脚本...
[2026-04-11 23:55:23] [INFO] 使用自定义脚本: script.sh
[2026-04-11 23:55:35] [INFO] 获取ASV结果...
[2026-04-11 23:55:35] [INFO] 从 local_test1 下载ASV结果...
[2026-04-11 23:55:37] [INFO] 从 local_test2 下载ASV结果...
[2026-04-11 23:55:37] [INFO] 验证下载的ASV结果...
[2026-04-11 23:55:37] [INFO] 执行ASV结果对比...
[2026-04-11 23:55:37] [INFO] 执行对比命令: python3 "/mnt/c/Users/Luo/Code/asv_tools/python/benchmark_comparator.py"     --results1 "./tmp/asv_compare_20260411_235513/local_test1_results"     --results2 "./tmp/asv_compare_20260411_235513/local_test2_results"     --server1 "local_test1"     --server2 "local_test2"     --strategy "latest"     --output "./output/compare_result_20260411_235513.json" --show-all
[2026-04-11 23:55:37] [INFO] 对比结果已保存到: ./output/compare_result_20260411_235513.json
[2026-04-11 23:55:37] [INFO] 生成Excel对比报告...
[2026-04-11 23:55:38] [INFO] 保留临时文件: ./tmp/asv_compare_20260411_235513
[2026-04-11 23:55:38] [INFO] 完成！报告已保存到: ./output/20260411_235513_local_test1_vs_local_test2_local.xlsx
